******************************************************************************
  TMS320C2000 Evaluation Linker PC v5.2.6                      
******************************************************************************
>> Linked Tue May 10 16:09:59 2011

OUTPUT FILE NAME:   <BridgelessPFC_2803x_v3p3.out>
ENTRY POINT SYMBOL: "_c_int00"  address: 003f6eb7


MEMORY CONFIGURATION

         name            origin    length      used     unused   attr    fill
----------------------  --------  ---------  --------  --------  ----  --------
PAGE 0:
  progRAM               00008000   00001000  0000017d  00000e83  RWIX
  OTP                   003d7800   00000400  00000000  00000400  RWIX
  FLASHH                003e8000   00002000  00000000  00002000  RWIX
  FLASHG                003ea000   00002000  00000000  00002000  RWIX
  FLASHF                003ec000   00002000  00000000  00002000  RWIX
  FLASHE                003ee000   00002000  00000000  00002000  RWIX
  FLASHD                003f0000   00002000  0000017d  00001e83  RWIX
  FLASHC                003f2000   00002000  00000000  00002000  RWIX
  FLASHA                003f6000   00001f80  000010fc  00000e84  RWIX
  CSM_RSVD              003f7f80   00000076  00000000  00000076  RWIX
  BEGIN                 003f7ff6   00000002  00000002  00000000  RWIX
  CSM_PWL               003f7ff8   00000008  00000000  00000008  RWIX
  IQTABLES              003fe000   00000b50  00000b50  00000000  RWIX
  IQTABLES2             003feb50   0000008c  00000000  0000008c  RWIX
  IQTABLES3             003febdc   000000aa  00000000  000000aa  RWIX
  BOOTROM               003ff27c   00000d44  00000000  00000d44  RWIX
  RESET                 003fffc0   00000002  00000000  00000002  RWIX
  VECTORS               003fffc2   0000003e  00000000  0000003e  RWIX

PAGE 1:
  BOOT_RSVD             00000000   00000050  00000000  00000050  RWIX
  RAMM0                 00000050   000003b0  00000380  00000030  RWIX
  RAMM1                 00000400   00000400  00000000  00000400  RWIX
  DEV_EMU               00000880   00000105  00000004  00000101  RWIX
  SYS_PWR_CTL           00000985   00000003  00000003  00000000  RWIX
  FLASH_REGS            00000a80   00000060  00000008  00000058  RWIX
  CSM                   00000ae0   00000010  00000010  00000000  RWIX
  ADC_RESULT            00000b00   00000020  00000020  00000000  RWIX
  CPU_TIMER0            00000c00   00000008  00000008  00000000  RWIX
  CPU_TIMER1            00000c08   00000008  00000008  00000000  RWIX
  CPU_TIMER2            00000c10   00000008  00000008  00000000  RWIX
  PIE_CTRL              00000ce0   00000020  0000001a  00000006  RWIX
  PIE_VECT              00000d00   00000100  00000100  00000000  RWIX
  CLA1                  00001400   00000080  00000040  00000040  RWIX
  CLA_CPU_MSGRAM        00001480   00000080  00000000  00000080  RWIX
  CPU_CLA_MSGRAM        00001500   00000080  00000000  00000080  RWIX
  ECANA                 00006000   00000040  00000034  0000000c  RWIX
  ECANA_LAM             00006040   00000040  00000040  00000000  RWIX
  ECANA_MOTS            00006080   00000040  00000040  00000000  RWIX
  ECANA_MOTO            000060c0   00000040  00000040  00000000  RWIX
  ECANA_MBOX            00006100   00000100  00000100  00000000  RWIX
  COMP1                 00006400   00000020  00000011  0000000f  RWIX
  COMP2                 00006420   00000020  00000011  0000000f  RWIX
  COMP3                 00006440   00000020  00000011  0000000f  RWIX
  EPWM1                 00006800   00000040  00000040  00000000  RWIX
  EPWM2                 00006840   00000040  00000040  00000000  RWIX
  EPWM3                 00006880   00000040  00000040  00000000  RWIX
  EPWM4                 000068c0   00000040  00000040  00000000  RWIX
  EPWM5                 00006900   00000040  00000040  00000000  RWIX
  EPWM6                 00006940   00000040  00000040  00000000  RWIX
  EPWM7                 00006980   00000040  00000040  00000000  RWIX
  ECAP1                 00006a00   00000020  00000020  00000000  RWIX
  EQEP1                 00006b00   00000040  00000040  00000000  RWIX
  LINA                  00006c00   00000080  0000004a  00000036  RWIX
  GPIOCTRL              00006f80   00000040  00000040  00000000  RWIX
  GPIODAT               00006fc0   00000020  00000020  00000000  RWIX
  GPIOINT               00006fe0   00000020  0000000c  00000014  RWIX
  SYSTEM                00007010   00000020  00000020  00000000  RWIX
  SPIA                  00007040   00000010  00000010  00000000  RWIX
  SCIA                  00007050   00000010  00000010  00000000  RWIX
  NMIINTRUPT            00007060   00000010  00000010  00000000  RWIX
  XINTRUPT              00007070   00000010  00000010  00000000  RWIX
  ADC                   00007100   00000080  00000050  00000030  RWIX
  SPIB                  00007740   00000010  00000010  00000000  RWIX
  I2CA                  00007900   00000040  00000022  0000001e  RWIX
  dataRAM               00009000   00001000  000002c4  00000d3c  RWIX
  PARTID                003d7e80   00000001  00000001  00000000  RWIX
  FLASHB                003f4000   00002000  00000000  00002000  RWIX
  CSM_PWL               003f7ff8   00000008  00000008  00000000  RWIX


SECTION ALLOCATION MAP

 output                                  attributes/
section   page    origin      length       input sections
--------  ----  ----------  ----------   ----------------
.pinit     0    003f6000    00000000     UNINITIALIZED

ramfuncs   0    003f0000    0000017d     RUN ADDR = 00008000
                  003f0000    0000015e     BridgelessPFC-DPL-ISR.obj (ramfuncs)
                  003f015e    0000001b     BridgelessPFC-DevInit_F2803x.obj (ramfuncs)
                  003f0179    00000004     DSP2803x_usDelay.obj (ramfuncs)

.text      0    003f6000    00000f83     
                  003f6000    00000716     BridgelessPFC-Main.obj (.text)
                  003f6716    00000245     SciCommsGui.obj (.text)
                  003f695b    000001c4     BridgelessPFC-DevInit_F2803x.obj (.text)
                  003f6b1f    000001bf     ADC_SOC_Cnf.obj (.text)
                  003f6cde    000000fd     PWM_1ch_UpDwnCnt_Cnf.obj (.text)
                  003f6ddb    00000082     BridgelessPFC-DPL-ISR.obj (.text)
                  003f6e5d    0000005a     rts2800_ml.lib : fs_mpy.obj (.text)
                  003f6eb7    00000044                    : boot.obj (.text)
                  003f6efb    00000029                    : fs_tol.obj (.text)
                  003f6f24    0000001b                    : args_main.obj (.text)
                  003f6f3f    0000001a                    : i_tofs.obj (.text)
                  003f6f59    00000019                    : exit.obj (.text)
                  003f6f72    00000009                    : _lock.obj (.text)
                  003f6f7b    00000008     DSP2803x_CodeStartBranch.obj (.text)

IQmath     0    003f6f83    000000cf     
                  003f6f83    00000047     IQmath.lib : IQ15div.obj (IQmath)
                  003f6fca    00000046                : IQ15isqrt.obj (IQmath)
                  003f7010    00000042                : IQ15sqrt.obj (IQmath)

.cinit     0    003f7052    000000aa     
                  003f7052    00000094     BridgelessPFC-Main.obj (.cinit)
                  003f70e6    0000000a     rts2800_ml.lib : _lock.obj (.cinit)
                  003f70f0    0000000a                    : exit.obj (.cinit)
                  003f70fa    00000002     --HOLE-- [fill = 0]

codestart 
*          0    003f7ff6    00000002     
                  003f7ff6    00000002     DSP2803x_CodeStartBranch.obj (codestart)

IQmathTables 
*          0    003fe000    00000b50     NOLOAD SECTION
                  003fe000    00000b50     IQmath.lib : IQmathTables.obj (IQmathTables)

.reset     0    003fffc0    00000002     DSECT
                  003fffc0    00000002     rts2800_ml.lib : boot.obj (.reset)

vectors    0    003fffc2    00000000     DSECT

.stack     1    00000050    00000380     UNINITIALIZED
                  00000050    00000380     --HOLE--

DevEmuRegsFile 
*          1    00000880    00000004     UNINITIALIZED
                  00000880    00000004     DSP2803x_GlobalVariableDefs.obj (DevEmuRegsFile)

SysPwrCtrlRegsFile 
*          1    00000985    00000003     UNINITIALIZED
                  00000985    00000003     DSP2803x_GlobalVariableDefs.obj (SysPwrCtrlRegsFile)

FlashRegsFile 
*          1    00000a80    00000008     UNINITIALIZED
                  00000a80    00000008     DSP2803x_GlobalVariableDefs.obj (FlashRegsFile)

CsmRegsFile 
*          1    00000ae0    00000010     UNINITIALIZED
                  00000ae0    00000010     DSP2803x_GlobalVariableDefs.obj (CsmRegsFile)

AdcResultFile 
*          1    00000b00    00000020     UNINITIALIZED
                  00000b00    00000020     DSP2803x_GlobalVariableDefs.obj (AdcResultFile)

CpuTimer0RegsFile 
*          1    00000c00    00000008     UNINITIALIZED
                  00000c00    00000008     DSP2803x_GlobalVariableDefs.obj (CpuTimer0RegsFile)

CpuTimer1RegsFile 
*          1    00000c08    00000008     UNINITIALIZED
                  00000c08    00000008     DSP2803x_GlobalVariableDefs.obj (CpuTimer1RegsFile)

CpuTimer2RegsFile 
*          1    00000c10    00000008     UNINITIALIZED
                  00000c10    00000008     DSP2803x_GlobalVariableDefs.obj (CpuTimer2RegsFile)

PieCtrlRegsFile 
*          1    00000ce0    0000001a     UNINITIALIZED
                  00000ce0    0000001a     DSP2803x_GlobalVariableDefs.obj (PieCtrlRegsFile)

PieVectTableFile 
*          1    00000d00    00000100     UNINITIALIZED
                  00000d00    00000100     DSP2803x_GlobalVariableDefs.obj (PieVectTableFile)

EmuKeyVar 
*          1    00000d00    00000001     UNINITIALIZED
                  00000d00    00000001     DSP2803x_GlobalVariableDefs.obj (EmuKeyVar)

EmuBModeVar 
*          1    00000d01    00000001     UNINITIALIZED
                  00000d01    00000001     DSP2803x_GlobalVariableDefs.obj (EmuBModeVar)

FlashCallbackVar 
*          1    00000d02    00000002     UNINITIALIZED
                  00000d02    00000002     DSP2803x_GlobalVariableDefs.obj (FlashCallbackVar)

FlashScalingVar 
*          1    00000d04    00000002     UNINITIALIZED
                  00000d04    00000002     DSP2803x_GlobalVariableDefs.obj (FlashScalingVar)

Cla1RegsFile 
*          1    00001400    00000040     UNINITIALIZED
                  00001400    00000040     DSP2803x_GlobalVariableDefs.obj (Cla1RegsFile)

ECanaRegsFile 
*          1    00006000    00000034     UNINITIALIZED
                  00006000    00000034     DSP2803x_GlobalVariableDefs.obj (ECanaRegsFile)

ECanaLAMRegsFile 
*          1    00006040    00000040     UNINITIALIZED
                  00006040    00000040     DSP2803x_GlobalVariableDefs.obj (ECanaLAMRegsFile)

ECanaMOTSRegsFile 
*          1    00006080    00000040     UNINITIALIZED
                  00006080    00000040     DSP2803x_GlobalVariableDefs.obj (ECanaMOTSRegsFile)

ECanaMOTORegsFile 
*          1    000060c0    00000040     UNINITIALIZED
                  000060c0    00000040     DSP2803x_GlobalVariableDefs.obj (ECanaMOTORegsFile)

ECanaMboxesFile 
*          1    00006100    00000100     UNINITIALIZED
                  00006100    00000100     DSP2803x_GlobalVariableDefs.obj (ECanaMboxesFile)

Comp1RegsFile 
*          1    00006400    00000011     UNINITIALIZED
                  00006400    00000011     DSP2803x_GlobalVariableDefs.obj (Comp1RegsFile)

Comp2RegsFile 
*          1    00006420    00000011     UNINITIALIZED
                  00006420    00000011     DSP2803x_GlobalVariableDefs.obj (Comp2RegsFile)

Comp3RegsFile 
*          1    00006440    00000011     UNINITIALIZED
                  00006440    00000011     DSP2803x_GlobalVariableDefs.obj (Comp3RegsFile)

EPwm1RegsFile 
*          1    00006800    00000040     UNINITIALIZED
                  00006800    00000040     DSP2803x_GlobalVariableDefs.obj (EPwm1RegsFile)

EPwm2RegsFile 
*          1    00006840    00000040     UNINITIALIZED
                  00006840    00000040     DSP2803x_GlobalVariableDefs.obj (EPwm2RegsFile)

EPwm3RegsFile 
*          1    00006880    00000040     UNINITIALIZED
                  00006880    00000040     DSP2803x_GlobalVariableDefs.obj (EPwm3RegsFile)

EPwm4RegsFile 
*          1    000068c0    00000040     UNINITIALIZED
                  000068c0    00000040     DSP2803x_GlobalVariableDefs.obj (EPwm4RegsFile)

EPwm5RegsFile 
*          1    00006900    00000040     UNINITIALIZED
                  00006900    00000040     DSP2803x_GlobalVariableDefs.obj (EPwm5RegsFile)

EPwm6RegsFile 
*          1    00006940    00000040     UNINITIALIZED
                  00006940    00000040     DSP2803x_GlobalVariableDefs.obj (EPwm6RegsFile)

EPwm7RegsFile 
*          1    00006980    00000040     UNINITIALIZED
                  00006980    00000040     DSP2803x_GlobalVariableDefs.obj (EPwm7RegsFile)

ECap1RegsFile 
*          1    00006a00    00000020     UNINITIALIZED
                  00006a00    00000020     DSP2803x_GlobalVariableDefs.obj (ECap1RegsFile)

EQep1RegsFile 
*          1    00006b00    00000040     UNINITIALIZED
                  00006b00    00000040     DSP2803x_GlobalVariableDefs.obj (EQep1RegsFile)

LinaRegsFile 
*          1    00006c00    0000004a     UNINITIALIZED
                  00006c00    0000004a     DSP2803x_GlobalVariableDefs.obj (LinaRegsFile)

GpioCtrlRegsFile 
*          1    00006f80    00000040     UNINITIALIZED
                  00006f80    00000040     DSP2803x_GlobalVariableDefs.obj (GpioCtrlRegsFile)

GpioDataRegsFile 
*          1    00006fc0    00000020     UNINITIALIZED
                  00006fc0    00000020     DSP2803x_GlobalVariableDefs.obj (GpioDataRegsFile)

GpioIntRegsFile 
*          1    00006fe0    0000000c     UNINITIALIZED
                  00006fe0    0000000c     DSP2803x_GlobalVariableDefs.obj (GpioIntRegsFile)

SysCtrlRegsFile 
*          1    00007010    00000020     UNINITIALIZED
                  00007010    00000020     DSP2803x_GlobalVariableDefs.obj (SysCtrlRegsFile)

SpiaRegsFile 
*          1    00007040    00000010     UNINITIALIZED
                  00007040    00000010     DSP2803x_GlobalVariableDefs.obj (SpiaRegsFile)

SciaRegsFile 
*          1    00007050    00000010     UNINITIALIZED
                  00007050    00000010     DSP2803x_GlobalVariableDefs.obj (SciaRegsFile)

NmiIntruptRegsFile 
*          1    00007060    00000010     UNINITIALIZED
                  00007060    00000010     DSP2803x_GlobalVariableDefs.obj (NmiIntruptRegsFile)

XIntruptRegsFile 
*          1    00007070    00000010     UNINITIALIZED
                  00007070    00000010     DSP2803x_GlobalVariableDefs.obj (XIntruptRegsFile)

AdcRegsFile 
*          1    00007100    00000050     UNINITIALIZED
                  00007100    00000050     DSP2803x_GlobalVariableDefs.obj (AdcRegsFile)

SpibRegsFile 
*          1    00007740    00000010     UNINITIALIZED
                  00007740    00000010     DSP2803x_GlobalVariableDefs.obj (SpibRegsFile)

I2caRegsFile 
*          1    00007900    00000022     UNINITIALIZED
                  00007900    00000022     DSP2803x_GlobalVariableDefs.obj (I2caRegsFile)

.ebss      1    00009000    00000244     UNINITIALIZED
                  00009000    00000200     BridgelessPFC-Main.obj (.ebss)
                  00009200    0000003a     SciCommsGui.obj (.ebss)
                  0000923a    00000004     rts2800_ml.lib : _lock.obj (.ebss)
                  0000923e    00000002     --HOLE--
                  00009240    00000004                    : exit.obj (.ebss)

CNTL_2P2Z_Section 
*          1    00009244    00000024     UNINITIALIZED
                  00009244    00000024     BridgelessPFC-DPL-ISR.obj (CNTL_2P2Z_Section)

PFC_BL_ICMD_Section 
*          1    00009268    00000012     UNINITIALIZED
                  00009268    00000012     BridgelessPFC-DPL-ISR.obj (PFC_BL_ICMD_Section)

ISRVariables 
*          1    0000927a    00000002     UNINITIALIZED
                  0000927a    00000002     BridgelessPFC-DPL-ISR.obj (ISRVariables)

ZeroNet_Section 
*          1    0000927c    00000002     UNINITIALIZED
                  0000927c    00000002     BridgelessPFC-DPL-ISR.obj (ZeroNet_Section)

CNTL_2P2Z_Coef 
*          1    00009280    0000001c     UNINITIALIZED
                  00009280    0000001c     BridgelessPFC-Main.obj (CNTL_2P2Z_Coef)

MATH_EMAVG_Section 
*          1    0000929c    0000000c     UNINITIALIZED
                  0000929c    0000000c     BridgelessPFC-DPL-ISR.obj (MATH_EMAVG_Section)

PWMDRV_1ch_UpDwnCnt_Section 
*          1    000092a8    0000000c     UNINITIALIZED
                  000092a8    0000000c     BridgelessPFC-DPL-ISR.obj (PWMDRV_1ch_UpDwnCnt_Section)

PFC_InvRmsSqr_Section 
*          1    000092b4    0000000a     UNINITIALIZED
                  000092b4    0000000a     BridgelessPFC-DPL-ISR.obj (PFC_InvRmsSqr_Section)

ADCDRV_1ch_Section 
*          1    000092c0    00000008     UNINITIALIZED
                  000092c0    00000008     BridgelessPFC-DPL-ISR.obj (ADCDRV_1ch_Section)

PartIdRegsFile 
*          1    003d7e80    00000001     UNINITIALIZED
                  003d7e80    00000001     DSP2803x_GlobalVariableDefs.obj (PartIdRegsFile)

CsmPwlFile 
*          1    003f7ff8    00000008     UNINITIALIZED
                  003f7ff8    00000008     DSP2803x_GlobalVariableDefs.obj (CsmPwlFile)


GLOBAL SYMBOLS: SORTED ALPHABETICALLY BY Name 

address    name
--------   ----
003f6000   .text
003f6f59   C$$EXIT
003f6e5d   FS$$MPY
003f6efb   FS$$TOL
003f6f3f   I$$TOFS
003f6425   _A0
003f646a   _A1
0000906e   _A1_I
003f659c   _A2
00009070   _A2_I
0000910e   _ACQPS
000092c0   _ADCDRV_1ch_Rlt1
000092c2   _ADCDRV_1ch_Rlt2
000092c4   _ADCDRV_1ch_Rlt3
000092c6   _ADCDRV_1ch_Rlt4
003f6b1f   _ADC_SOC_CNF
00009092   _A_Task_Ptr
00007100   _AdcRegs
00000b00   _AdcResult
00009098   _Alpha_State_Ptr
003f68cf   _ArrayGet
003f643e   _B0
0000907a   _B0_I
003f65a4   _B1
00009074   _B1_I
003f6676   _B2
00009076   _B2_I
00009094   _B_Task_Ptr
003f68b0   _ButtonSet
003f6454   _C0
003f668a   _C1
003f66be   _C2
003f66f0   _C3
0000925c   _CNTL_2P2Z_Coef1
0000924a   _CNTL_2P2Z_Coef2
00009280   _CNTL_2P2Z_CoefStruct1
0000928e   _CNTL_2P2Z_CoefStruct2
0000925e   _CNTL_2P2Z_DBUFF1
0000924c   _CNTL_2P2Z_DBUFF2
00009258   _CNTL_2P2Z_Fdbk1
00009246   _CNTL_2P2Z_Fdbk2
0000925a   _CNTL_2P2Z_Out1
00009248   _CNTL_2P2Z_Out2
00009256   _CNTL_2P2Z_Ref1
00009244   _CNTL_2P2Z_Ref2
0000909a   _C_Task_Ptr
00009140   _ChSel
0000900d   _ChannelEnable
00001400   _Cla1Regs
0000921a   _CmdDispatcher
003f6851   _CmdInterpreter
00009214   _CmdPacket
00009014   _CommsOKflg
00006400   _Comp1Regs
00006420   _Comp2Regs
00006440   _Comp3Regs
00000c00   _CpuTimer0Regs
00000c08   _CpuTimer1Regs
00000c10   _CpuTimer2Regs
003f7ff8   _CsmPwl
00000ae0   _CsmRegs
003f6000   _DLOG_BuffInit
00008000   _DPL_ISR
003f6ddb   _DPL_Init
00008179   _DSP28x_usDelay
003f68d2   _DataGet
00000880   _DevEmuRegs
003f695b   _DeviceInit
00009042   _Dgain_I
00009044   _Dgain_V
0000909e   _Dmax_I
00009048   _Dmax_V
00009030   _Duty4A
000090b2   _DutyA
00006040   _ECanaLAMRegs
000060c0   _ECanaMOTORegs
00006080   _ECanaMOTSRegs
00006100   _ECanaMboxes
00006000   _ECanaRegs
00006a00   _ECap1Regs
00006800   _EPwm1Regs
00006840   _EPwm2Regs
00006880   _EPwm3Regs
000068c0   _EPwm4Regs
00006900   _EPwm5Regs
00006940   _EPwm6Regs
00006980   _EPwm7Regs
00006b00   _EQep1Regs
003f67b2   _EchoCmdByte
003f6824   _EchoDataByte
003f67eb   _EchoSizeByte
00000d01   _EmuBMode
00000d00   _EmuKey
00000a80   _FlashRegs
00000d04   _Flash_CPUScaleFactor
00000d02   _Flash_CallbackPtr
0000903e   _Freq_Vin
003f6779   _GetCmdByte
003f6802   _GetDataByte
003f67c9   _GetSizeByte
00006f80   _GpioCtrlRegs
00006fc0   _GpioDataRegs
00006fe0   _GpioIntRegs
00009023   _Gui_Dgain_I
00009026   _Gui_Dgain_V
0000901d   _Gui_Freq_Vin
00009021   _Gui_Igain_I
00009024   _Gui_Igain_V
0000902a   _Gui_KDCM
00009022   _Gui_Pgain_I
00009025   _Gui_Pgain_V
00009010   _Gui_Vbus
0000902c   _Gui_Vbus_set
0000900e   _Gui_VrectAvg
0000901e   _Gui_VrectRMS
0000906c   _HistPtr
000090c4   _Hist_Freq_Vin
000090ec   _Hist_Ipfc
000090cc   _Hist_KDCM
000090dc   _Hist_Vbus
000090e4   _Hist_VrectAvg
000090d4   _Hist_VrectRMS
00007900   _I2caRegs
003fead8   _IQ10mpyRndSatTable
003feacc   _IQ11mpyRndSatTable
003feac0   _IQ12mpyRndSatTable
003feab4   _IQ13mpyRndSatTable
003feaa8   _IQ14mpyRndSatTable
003fea9c   _IQ15mpyRndSatTable
003fea90   _IQ16mpyRndSatTable
003fea84   _IQ17mpyRndSatTable
003fea78   _IQ18mpyRndSatTable
003fea6c   _IQ19mpyRndSatTable
003feb44   _IQ1mpyRndSatTable
003fea60   _IQ20mpyRndSatTable
003fea54   _IQ21mpyRndSatTable
003fea48   _IQ22mpyRndSatTable
003fea3c   _IQ23mpyRndSatTable
003fea30   _IQ24mpyRndSatTable
003fea24   _IQ25mpyRndSatTable
003fea18   _IQ26mpyRndSatTable
003fea0c   _IQ27mpyRndSatTable
003fea00   _IQ28mpyRndSatTable
003fe9f4   _IQ29mpyRndSatTable
003feb38   _IQ2mpyRndSatTable
003fe9e8   _IQ30mpyRndSatTable
003feb2c   _IQ3mpyRndSatTable
003feb20   _IQ4mpyRndSatTable
003feb14   _IQ5mpyRndSatTable
003feb08   _IQ6mpyRndSatTable
003feafc   _IQ7mpyRndSatTable
003feaf0   _IQ8mpyRndSatTable
003feae4   _IQ9mpyRndSatTable
003fe824   _IQatan2HalfPITable
003fe862   _IQatan2Table
003fe9e8   _IQatan2TableEnd
003fe100   _IQcosTable
003fe502   _IQcosTableEnd
003fe502   _IQdivRoundSatTable
003fe510   _IQdivTable
003fe712   _IQdivTableEnd
003fe712   _IQisqrtRoundSatTable
003fe722   _IQisqrtTable
003fe824   _IQisqrtTableEnd
003fe9e8   _IQmpyRndSatTable
003feb50   _IQmpyRndSatTableEnd
003fe000   _IQsinTable
003fe400   _IQsinTableEnd
003fe712   _IQsqrtRoundSatTable
003fe722   _IQsqrtTable
003fe824   _IQsqrtTableEnd
003f6b05   _ISR_ILLEGAL
00009052   _Igain_I
00009046   _Igain_V
0000815e   _InitFlash
000090a2   _Ipfc
00009020   _KDCM
00009005   _K_Freq_Vin
00009008   _K_Ipfc
00009011   _K_VL_fb
00009013   _K_VN_fb
0000900a   _K_Vbus
00009004   _K_VrectAvg
00009003   _K_Vrms
0000907e   _Kdc
000090b0   _Km
0000900b   _LedBlinkCnt
003f6876   _LifePulseTsk
00006c00   _LinaRegs
0000920a   _LowByteFlag
0000929c   _MATH_EMAVG_In1
000092a2   _MATH_EMAVG_In2
000092a0   _MATH_EMAVG_Multiplier1
000092a6   _MATH_EMAVG_Multiplier2
0000929e   _MATH_EMAVG_Out1
000092a4   _MATH_EMAVG_Out2
003f6b0a   _MemCopy
0000920c   _MemGetAddress
00009209   _MemGetAmount
00009207   _MemGetPtr
00007060   _NmiIntruptRegs
00009206   _NumWords
00009000   _OV_flag
0000904c   _PFCIcmd
00009274   _PFC_BL_ICMD_Duty1
0000926e   _PFC_BL_ICMD_Out1
0000926c   _PFC_BL_ICMD_VacRect1
00009268   _PFC_BL_ICMD_Vcmd1
0000926a   _PFC_BL_ICMD_VinvSqr1
00009270   _PFC_BL_ICMD_VmaxOverVmin1
00009276   _PFC_BL_ICMD_VoutMaxOverVinMax1
00009272   _PFC_BL_ICMD_Vpfc1
000092b4   _PFC_InvRmsSqr_In1
000092b6   _PFC_InvRmsSqr_Out1
000092ba   _PFC_InvRmsSqr_Vmin1
000092b8   _PFC_InvRmsSqr_VminOverVmax1
000092bc   _PFC_InvRmsSqr_tempdata1
003f6a92   _PLLset
000092a8   _PWMDRV_1ch_UpDwnCnt_Duty1
000092ac   _PWMDRV_1ch_UpDwnCnt_Duty2
000092b0   _PWMDRV_1ch_UpDwnCnt_Duty4
000092aa   _PWMDRV_1ch_UpDwnCnt_Period1
000092ae   _PWMDRV_1ch_UpDwnCnt_Period2
000092b2   _PWMDRV_1ch_UpDwnCnt_Period4
003f6cde   _PWM_1ch_UpDwnCnt_CNF
003f6837   _PackWord
003d7e80   _PartIdRegs
0000904e   _Pgain_I
00009040   _Pgain_V
003f6aca   _PieCntlInit
00000ce0   _PieCtrlRegs
00000d00   _PieVectTable
003f6ae9   _PieVectTableInit
00009056   _Q
003f017d   _RamfuncsLoadEnd
003f0000   _RamfuncsLoadStart
00008000   _RamfuncsRunStart
00009210   _RcvTaskPointer
00009203   _RcvTskPtrShdw
0000900c   _RelayEnable
00009205   _RxChar
00009200   _RxWord
003f6716   _SCIA_Init
003f62b6   _SECONDARY_ISR
00007050   _SciaRegs
003f6904   _SendData
00009202   _SendTaskPtr
00009015   _SerialCommsTimer
003f6774   _SerialHostComms
003f68be   _SliderSet
003f68fa   _SpareTsk07
003f68ff   _SpareTsk08
00007040   _SpiaRegs
00007740   _SpibRegs
00007010   _SysCtrlRegs
00000985   _SysPwrCtrlRegs
00009204   _TaskDoneFlag
00009212   _Temp
003f68a2   _TextSet
0000912e   _TrigSel
0000900f   _UpdateCoef
000090ae   _VL_fb
000090ac   _VN_fb
000090ba   _VTimer0
000090c0   _VTimer1
000090b6   _VTimer2
00009088   _Vacc_avg
0000908e   _Vacc_rms
003f68cc   _VariableGet
000090a0   _Vbus
000090a8   _VbusAvg
0000903a   _VbusAvg2
00009036   _VbusSlewRate
0000902e   _VbusTarget
00009032   _VbusTargetSlewed
0000903c   _VbusVcmd
00009096   _Vbus_set
000090a4   _VinvSqr
000090a6   _Vrect
000090aa   _VrectAvg
00009038   _VrectRMS
003f6a8a   _WDogDisable
00007070   _XIntruptRegs
003f6f83   __IQ15div
003f6fca   __IQ15isqrt
003f7010   __IQ15sqrt
000003d0   __STACK_END
00000380   __STACK_SIZE
00000001   __TI_args_main
ffffffff   ___binit__
ffffffff   ___c_args__
003f7052   ___cinit__
003f6f83   ___etext__
ffffffff   ___pinit__
003f6000   ___text__
003f6f24   __args_main
00009240   __cleanup_ptr
00009242   __dtors_ptr
0000923c   __lock
003f6f7a   __nop
003f6f76   __register_lock
003f6f72   __register_unlock
00000050   __stack
0000923a   __unlock
0000901b   _a0_Gui
0000901a   _a1_Gui
0000901c   _a2_Gui
003f6f59   _abort
000091a0   _arrayGetList
00009027   _b0_Gui
00009029   _b1_Gui
0000902b   _b2_Gui
00009058   _c0
0000905e   _c1
00009054   _c2
003f6eb7   _c_int00
00009017   _coeff_change
00009090   _curr_sample_norm
00009006   _curr_sign
00009080   _d0
00009068   _d1
0000906a   _d2
00009208   _dataOut
0000920b   _delayer
00009064   _den
00009028   _disable_auto_cloop_coeff_change
0000911e   _ePWM
00009034   _error_v
003f6f5b   _exit
00009002   _flag_NL_Vloop
00009082   _fp1
00009084   _fp2
000090b4   _fs
00009078   _fz1
00009072   _fz2
0000901f   _i
00009016   _iK_Vbus_set
00009009   _init_boost
0000908c   _inv_nsamples
0000909c   _inv_sqrt_nsamples
003f6013   _main
0000920e   _memDataPtr
0000908a   _nsamples
0000904a   _pfc_slew_temp
00009062   _pi
00009019   _pid2p2z_Gui
00009007   _prev_sign
00009001   _run_flag
00009100   _sine_mainsV
00009012   _start_flag
00009066   _temp_Scratch
00009050   _temp_zero
00009150   _varGetList
000091c0   _varSetBtnList
00009180   _varSetSldrList
000091e0   _varSetTxtList
00009018   _vloop_coeff_change
00009201   _wordsLeftToGet
0000905c   _wp1
0000905a   _wp2
00009060   _wr
0000907c   _wz1
00009086   _wz2
ffffffff   binit
003f7052   cinit
003f7ff6   code_start
003f6f83   etext
ffffffff   pinit


GLOBAL SYMBOLS: SORTED BY Symbol Address 

address    name
--------   ----
00000001   __TI_args_main
00000050   __stack
00000380   __STACK_SIZE
000003d0   __STACK_END
00000880   _DevEmuRegs
00000985   _SysPwrCtrlRegs
00000a80   _FlashRegs
00000ae0   _CsmRegs
00000b00   _AdcResult
00000c00   _CpuTimer0Regs
00000c08   _CpuTimer1Regs
00000c10   _CpuTimer2Regs
00000ce0   _PieCtrlRegs
00000d00   _EmuKey
00000d00   _PieVectTable
00000d01   _EmuBMode
00000d02   _Flash_CallbackPtr
00000d04   _Flash_CPUScaleFactor
00001400   _Cla1Regs
00006000   _ECanaRegs
00006040   _ECanaLAMRegs
00006080   _ECanaMOTSRegs
000060c0   _ECanaMOTORegs
00006100   _ECanaMboxes
00006400   _Comp1Regs
00006420   _Comp2Regs
00006440   _Comp3Regs
00006800   _EPwm1Regs
00006840   _EPwm2Regs
00006880   _EPwm3Regs
000068c0   _EPwm4Regs
00006900   _EPwm5Regs
00006940   _EPwm6Regs
00006980   _EPwm7Regs
00006a00   _ECap1Regs
00006b00   _EQep1Regs
00006c00   _LinaRegs
00006f80   _GpioCtrlRegs
00006fc0   _GpioDataRegs
00006fe0   _GpioIntRegs
00007010   _SysCtrlRegs
00007040   _SpiaRegs
00007050   _SciaRegs
00007060   _NmiIntruptRegs
00007070   _XIntruptRegs
00007100   _AdcRegs
00007740   _SpibRegs
00007900   _I2caRegs
00008000   _DPL_ISR
00008000   _RamfuncsRunStart
0000815e   _InitFlash
00008179   _DSP28x_usDelay
00009000   _OV_flag
00009001   _run_flag
00009002   _flag_NL_Vloop
00009003   _K_Vrms
00009004   _K_VrectAvg
00009005   _K_Freq_Vin
00009006   _curr_sign
00009007   _prev_sign
00009008   _K_Ipfc
00009009   _init_boost
0000900a   _K_Vbus
0000900b   _LedBlinkCnt
0000900c   _RelayEnable
0000900d   _ChannelEnable
0000900e   _Gui_VrectAvg
0000900f   _UpdateCoef
00009010   _Gui_Vbus
00009011   _K_VL_fb
00009012   _start_flag
00009013   _K_VN_fb
00009014   _CommsOKflg
00009015   _SerialCommsTimer
00009016   _iK_Vbus_set
00009017   _coeff_change
00009018   _vloop_coeff_change
00009019   _pid2p2z_Gui
0000901a   _a1_Gui
0000901b   _a0_Gui
0000901c   _a2_Gui
0000901d   _Gui_Freq_Vin
0000901e   _Gui_VrectRMS
0000901f   _i
00009020   _KDCM
00009021   _Gui_Igain_I
00009022   _Gui_Pgain_I
00009023   _Gui_Dgain_I
00009024   _Gui_Igain_V
00009025   _Gui_Pgain_V
00009026   _Gui_Dgain_V
00009027   _b0_Gui
00009028   _disable_auto_cloop_coeff_change
00009029   _b1_Gui
0000902a   _Gui_KDCM
0000902b   _b2_Gui
0000902c   _Gui_Vbus_set
0000902e   _VbusTarget
00009030   _Duty4A
00009032   _VbusTargetSlewed
00009034   _error_v
00009036   _VbusSlewRate
00009038   _VrectRMS
0000903a   _VbusAvg2
0000903c   _VbusVcmd
0000903e   _Freq_Vin
00009040   _Pgain_V
00009042   _Dgain_I
00009044   _Dgain_V
00009046   _Igain_V
00009048   _Dmax_V
0000904a   _pfc_slew_temp
0000904c   _PFCIcmd
0000904e   _Pgain_I
00009050   _temp_zero
00009052   _Igain_I
00009054   _c2
00009056   _Q
00009058   _c0
0000905a   _wp2
0000905c   _wp1
0000905e   _c1
00009060   _wr
00009062   _pi
00009064   _den
00009066   _temp_Scratch
00009068   _d1
0000906a   _d2
0000906c   _HistPtr
0000906e   _A1_I
00009070   _A2_I
00009072   _fz2
00009074   _B1_I
00009076   _B2_I
00009078   _fz1
0000907a   _B0_I
0000907c   _wz1
0000907e   _Kdc
00009080   _d0
00009082   _fp1
00009084   _fp2
00009086   _wz2
00009088   _Vacc_avg
0000908a   _nsamples
0000908c   _inv_nsamples
0000908e   _Vacc_rms
00009090   _curr_sample_norm
00009092   _A_Task_Ptr
00009094   _B_Task_Ptr
00009096   _Vbus_set
00009098   _Alpha_State_Ptr
0000909a   _C_Task_Ptr
0000909c   _inv_sqrt_nsamples
0000909e   _Dmax_I
000090a0   _Vbus
000090a2   _Ipfc
000090a4   _VinvSqr
000090a6   _Vrect
000090a8   _VbusAvg
000090aa   _VrectAvg
000090ac   _VN_fb
000090ae   _VL_fb
000090b0   _Km
000090b2   _DutyA
000090b4   _fs
000090b6   _VTimer2
000090ba   _VTimer0
000090c0   _VTimer1
000090c4   _Hist_Freq_Vin
000090cc   _Hist_KDCM
000090d4   _Hist_VrectRMS
000090dc   _Hist_Vbus
000090e4   _Hist_VrectAvg
000090ec   _Hist_Ipfc
00009100   _sine_mainsV
0000910e   _ACQPS
0000911e   _ePWM
0000912e   _TrigSel
00009140   _ChSel
00009150   _varGetList
00009180   _varSetSldrList
000091a0   _arrayGetList
000091c0   _varSetBtnList
000091e0   _varSetTxtList
00009200   _RxWord
00009201   _wordsLeftToGet
00009202   _SendTaskPtr
00009203   _RcvTskPtrShdw
00009204   _TaskDoneFlag
00009205   _RxChar
00009206   _NumWords
00009207   _MemGetPtr
00009208   _dataOut
00009209   _MemGetAmount
0000920a   _LowByteFlag
0000920b   _delayer
0000920c   _MemGetAddress
0000920e   _memDataPtr
00009210   _RcvTaskPointer
00009212   _Temp
00009214   _CmdPacket
0000921a   _CmdDispatcher
0000923a   __unlock
0000923c   __lock
00009240   __cleanup_ptr
00009242   __dtors_ptr
00009244   _CNTL_2P2Z_Ref2
00009246   _CNTL_2P2Z_Fdbk2
00009248   _CNTL_2P2Z_Out2
0000924a   _CNTL_2P2Z_Coef2
0000924c   _CNTL_2P2Z_DBUFF2
00009256   _CNTL_2P2Z_Ref1
00009258   _CNTL_2P2Z_Fdbk1
0000925a   _CNTL_2P2Z_Out1
0000925c   _CNTL_2P2Z_Coef1
0000925e   _CNTL_2P2Z_DBUFF1
00009268   _PFC_BL_ICMD_Vcmd1
0000926a   _PFC_BL_ICMD_VinvSqr1
0000926c   _PFC_BL_ICMD_VacRect1
0000926e   _PFC_BL_ICMD_Out1
00009270   _PFC_BL_ICMD_VmaxOverVmin1
00009272   _PFC_BL_ICMD_Vpfc1
00009274   _PFC_BL_ICMD_Duty1
00009276   _PFC_BL_ICMD_VoutMaxOverVinMax1
00009280   _CNTL_2P2Z_CoefStruct1
0000928e   _CNTL_2P2Z_CoefStruct2
0000929c   _MATH_EMAVG_In1
0000929e   _MATH_EMAVG_Out1
000092a0   _MATH_EMAVG_Multiplier1
000092a2   _MATH_EMAVG_In2
000092a4   _MATH_EMAVG_Out2
000092a6   _MATH_EMAVG_Multiplier2
000092a8   _PWMDRV_1ch_UpDwnCnt_Duty1
000092aa   _PWMDRV_1ch_UpDwnCnt_Period1
000092ac   _PWMDRV_1ch_UpDwnCnt_Duty2
000092ae   _PWMDRV_1ch_UpDwnCnt_Period2
000092b0   _PWMDRV_1ch_UpDwnCnt_Duty4
000092b2   _PWMDRV_1ch_UpDwnCnt_Period4
000092b4   _PFC_InvRmsSqr_In1
000092b6   _PFC_InvRmsSqr_Out1
000092b8   _PFC_InvRmsSqr_VminOverVmax1
000092ba   _PFC_InvRmsSqr_Vmin1
000092bc   _PFC_InvRmsSqr_tempdata1
000092c0   _ADCDRV_1ch_Rlt1
000092c2   _ADCDRV_1ch_Rlt2
000092c4   _ADCDRV_1ch_Rlt3
000092c6   _ADCDRV_1ch_Rlt4
003d7e80   _PartIdRegs
003f0000   _RamfuncsLoadStart
003f017d   _RamfuncsLoadEnd
003f6000   .text
003f6000   _DLOG_BuffInit
003f6000   ___text__
003f6013   _main
003f62b6   _SECONDARY_ISR
003f6425   _A0
003f643e   _B0
003f6454   _C0
003f646a   _A1
003f659c   _A2
003f65a4   _B1
003f6676   _B2
003f668a   _C1
003f66be   _C2
003f66f0   _C3
003f6716   _SCIA_Init
003f6774   _SerialHostComms
003f6779   _GetCmdByte
003f67b2   _EchoCmdByte
003f67c9   _GetSizeByte
003f67eb   _EchoSizeByte
003f6802   _GetDataByte
003f6824   _EchoDataByte
003f6837   _PackWord
003f6851   _CmdInterpreter
003f6876   _LifePulseTsk
003f68a2   _TextSet
003f68b0   _ButtonSet
003f68be   _SliderSet
003f68cc   _VariableGet
003f68cf   _ArrayGet
003f68d2   _DataGet
003f68fa   _SpareTsk07
003f68ff   _SpareTsk08
003f6904   _SendData
003f695b   _DeviceInit
003f6a8a   _WDogDisable
003f6a92   _PLLset
003f6aca   _PieCntlInit
003f6ae9   _PieVectTableInit
003f6b05   _ISR_ILLEGAL
003f6b0a   _MemCopy
003f6b1f   _ADC_SOC_CNF
003f6cde   _PWM_1ch_UpDwnCnt_CNF
003f6ddb   _DPL_Init
003f6e5d   FS$$MPY
003f6eb7   _c_int00
003f6efb   FS$$TOL
003f6f24   __args_main
003f6f3f   I$$TOFS
003f6f59   C$$EXIT
003f6f59   _abort
003f6f5b   _exit
003f6f72   __register_unlock
003f6f76   __register_lock
003f6f7a   __nop
003f6f83   __IQ15div
003f6f83   ___etext__
003f6f83   etext
003f6fca   __IQ15isqrt
003f7010   __IQ15sqrt
003f7052   ___cinit__
003f7052   cinit
003f7ff6   code_start
003f7ff8   _CsmPwl
003fe000   _IQsinTable
003fe100   _IQcosTable
003fe400   _IQsinTableEnd
003fe502   _IQcosTableEnd
003fe502   _IQdivRoundSatTable
003fe510   _IQdivTable
003fe712   _IQdivTableEnd
003fe712   _IQisqrtRoundSatTable
003fe712   _IQsqrtRoundSatTable
003fe722   _IQisqrtTable
003fe722   _IQsqrtTable
003fe824   _IQatan2HalfPITable
003fe824   _IQisqrtTableEnd
003fe824   _IQsqrtTableEnd
003fe862   _IQatan2Table
003fe9e8   _IQ30mpyRndSatTable
003fe9e8   _IQatan2TableEnd
003fe9e8   _IQmpyRndSatTable
003fe9f4   _IQ29mpyRndSatTable
003fea00   _IQ28mpyRndSatTable
003fea0c   _IQ27mpyRndSatTable
003fea18   _IQ26mpyRndSatTable
003fea24   _IQ25mpyRndSatTable
003fea30   _IQ24mpyRndSatTable
003fea3c   _IQ23mpyRndSatTable
003fea48   _IQ22mpyRndSatTable
003fea54   _IQ21mpyRndSatTable
003fea60   _IQ20mpyRndSatTable
003fea6c   _IQ19mpyRndSatTable
003fea78   _IQ18mpyRndSatTable
003fea84   _IQ17mpyRndSatTable
003fea90   _IQ16mpyRndSatTable
003fea9c   _IQ15mpyRndSatTable
003feaa8   _IQ14mpyRndSatTable
003feab4   _IQ13mpyRndSatTable
003feac0   _IQ12mpyRndSatTable
003feacc   _IQ11mpyRndSatTable
003fead8   _IQ10mpyRndSatTable
003feae4   _IQ9mpyRndSatTable
003feaf0   _IQ8mpyRndSatTable
003feafc   _IQ7mpyRndSatTable
003feb08   _IQ6mpyRndSatTable
003feb14   _IQ5mpyRndSatTable
003feb20   _IQ4mpyRndSatTable
003feb2c   _IQ3mpyRndSatTable
003feb38   _IQ2mpyRndSatTable
003feb44   _IQ1mpyRndSatTable
003feb50   _IQmpyRndSatTableEnd
ffffffff   ___binit__
ffffffff   ___c_args__
ffffffff   ___pinit__
ffffffff   binit
ffffffff   pinit

[368 symbols]
